<!doctype html public "-//w3c//dtd html 4.0 transitional//en">
<html><head>
<title>Static Call Graph - [stmcub\stmcub.axf]</title></head>
<body><HR>
<H1>Static Call Graph for image stmcub\stmcub.axf</H1><HR>
<BR><P>#&#060CALLGRAPH&#062# ARM Linker, 5060750: Last Updated: Wed Feb 24 00:03:32 2021
<BR><P>
<H3>Maximum Stack Usage =        232 bytes + Unknown(Cycles, Untraceable Function Pointers)</H3><H3>
Call chain for Maximum Stack Depth:</H3>
main &rArr; SystemClock_Config &rArr; HAL_RCC_ClockConfig &rArr; HAL_RCC_GetSysClockFreq &rArr; __aeabi_uldivmod &rArr; __aeabi_llsr
<P>
<H3>
Mutually Recursive functions
</H3> <LI><a href="#[10]">ADC1_IRQHandler</a>&nbsp;&nbsp;&nbsp;&rArr;&nbsp;&nbsp;&nbsp;<a href="#[10]">ADC1_IRQHandler</a><BR>
 <LI><a href="#[2]">HardFault_Handler</a>&nbsp;&nbsp;&nbsp;&rArr;&nbsp;&nbsp;&nbsp;<a href="#[2]">HardFault_Handler</a><BR>
 <LI><a href="#[1]">NMI_Handler</a>&nbsp;&nbsp;&nbsp;&rArr;&nbsp;&nbsp;&nbsp;<a href="#[1]">NMI_Handler</a><BR>
</UL>
<P>
<H3>
Function Pointers
</H3><UL>
 <LI><a href="#[10]">ADC1_IRQHandler</a> from startup_stm32f030x6.o(.text) referenced from startup_stm32f030x6.o(RESET)
 <LI><a href="#[d]">DMA1_Channel1_IRQHandler</a> from startup_stm32f030x6.o(.text) referenced from startup_stm32f030x6.o(RESET)
 <LI><a href="#[e]">DMA1_Channel2_3_IRQHandler</a> from startup_stm32f030x6.o(.text) referenced from startup_stm32f030x6.o(RESET)
 <LI><a href="#[f]">DMA1_Channel4_5_IRQHandler</a> from startup_stm32f030x6.o(.text) referenced from startup_stm32f030x6.o(RESET)
 <LI><a href="#[a]">EXTI0_1_IRQHandler</a> from startup_stm32f030x6.o(.text) referenced from startup_stm32f030x6.o(RESET)
 <LI><a href="#[b]">EXTI2_3_IRQHandler</a> from startup_stm32f030x6.o(.text) referenced from startup_stm32f030x6.o(RESET)
 <LI><a href="#[c]">EXTI4_15_IRQHandler</a> from startup_stm32f030x6.o(.text) referenced from startup_stm32f030x6.o(RESET)
 <LI><a href="#[8]">FLASH_IRQHandler</a> from startup_stm32f030x6.o(.text) referenced from startup_stm32f030x6.o(RESET)
 <LI><a href="#[2]">HardFault_Handler</a> from stm32f0xx_it.o(i.HardFault_Handler) referenced from startup_stm32f030x6.o(RESET)
 <LI><a href="#[17]">I2C1_IRQHandler</a> from startup_stm32f030x6.o(.text) referenced from startup_stm32f030x6.o(RESET)
 <LI><a href="#[1]">NMI_Handler</a> from stm32f0xx_it.o(i.NMI_Handler) referenced from startup_stm32f030x6.o(RESET)
 <LI><a href="#[4]">PendSV_Handler</a> from stm32f0xx_it.o(i.PendSV_Handler) referenced from startup_stm32f030x6.o(RESET)
 <LI><a href="#[9]">RCC_IRQHandler</a> from startup_stm32f030x6.o(.text) referenced from startup_stm32f030x6.o(RESET)
 <LI><a href="#[7]">RTC_IRQHandler</a> from startup_stm32f030x6.o(.text) referenced from startup_stm32f030x6.o(RESET)
 <LI><a href="#[0]">Reset_Handler</a> from startup_stm32f030x6.o(.text) referenced from startup_stm32f030x6.o(RESET)
 <LI><a href="#[18]">SPI1_IRQHandler</a> from startup_stm32f030x6.o(.text) referenced from startup_stm32f030x6.o(RESET)
 <LI><a href="#[3]">SVC_Handler</a> from stm32f0xx_it.o(i.SVC_Handler) referenced from startup_stm32f030x6.o(RESET)
 <LI><a href="#[5]">SysTick_Handler</a> from stm32f0xx_it.o(i.SysTick_Handler) referenced from startup_stm32f030x6.o(RESET)
 <LI><a href="#[1b]">SystemInit</a> from system_stm32f0xx.o(i.SystemInit) referenced from startup_stm32f030x6.o(.text)
 <LI><a href="#[14]">TIM14_IRQHandler</a> from startup_stm32f030x6.o(.text) referenced from startup_stm32f030x6.o(RESET)
 <LI><a href="#[15]">TIM16_IRQHandler</a> from startup_stm32f030x6.o(.text) referenced from startup_stm32f030x6.o(RESET)
 <LI><a href="#[16]">TIM17_IRQHandler</a> from startup_stm32f030x6.o(.text) referenced from startup_stm32f030x6.o(RESET)
 <LI><a href="#[11]">TIM1_BRK_UP_TRG_COM_IRQHandler</a> from startup_stm32f030x6.o(.text) referenced from startup_stm32f030x6.o(RESET)
 <LI><a href="#[12]">TIM1_CC_IRQHandler</a> from startup_stm32f030x6.o(.text) referenced from startup_stm32f030x6.o(RESET)
 <LI><a href="#[13]">TIM3_IRQHandler</a> from startup_stm32f030x6.o(.text) referenced from startup_stm32f030x6.o(RESET)
 <LI><a href="#[19]">USART1_IRQHandler</a> from startup_stm32f030x6.o(.text) referenced from startup_stm32f030x6.o(RESET)
 <LI><a href="#[6]">WWDG_IRQHandler</a> from startup_stm32f030x6.o(.text) referenced from startup_stm32f030x6.o(RESET)
 <LI><a href="#[1c]">__main</a> from entry.o(.ARM.Collect$$$$00000000) referenced from startup_stm32f030x6.o(.text)
 <LI><a href="#[1d]">_sputc</a> from printfa.o(i._sputc) referenced from printfa.o(i.__0sprintf)
 <LI><a href="#[1a]">main</a> from main.o(i.main) referenced from entry9a.o(.ARM.Collect$$$$0000000B)
</UL>
<P>
<H3>
Global Symbols
</H3>
<P><STRONG><a name="[1c]"></a>__main</STRONG> (Thumb, 0 bytes, Stack size unknown bytes, entry.o(.ARM.Collect$$$$00000000))
<BR>[Address Reference Count : 1]<UL><LI> startup_stm32f030x6.o(.text)
</UL>
<P><STRONG><a name="[75]"></a>_main_stk</STRONG> (Thumb, 0 bytes, Stack size unknown bytes, entry2.o(.ARM.Collect$$$$00000001))

<P><STRONG><a name="[1e]"></a>_main_scatterload</STRONG> (Thumb, 0 bytes, Stack size unknown bytes, entry5.o(.ARM.Collect$$$$00000004))
<BR><BR>[Calls]<UL><LI><a href="#[1f]">&gt;&gt;</a>&nbsp;&nbsp;&nbsp;__scatterload
</UL>

<P><STRONG><a name="[34]"></a>__main_after_scatterload</STRONG> (Thumb, 0 bytes, Stack size unknown bytes, entry5.o(.ARM.Collect$$$$00000004))
<BR><BR>[Called By]<UL><LI><a href="#[1f]">&gt;&gt;</a>&nbsp;&nbsp;&nbsp;__scatterload
</UL>

<P><STRONG><a name="[76]"></a>_main_clock</STRONG> (Thumb, 0 bytes, Stack size unknown bytes, entry7b.o(.ARM.Collect$$$$00000008))

<P><STRONG><a name="[77]"></a>_main_cpp_init</STRONG> (Thumb, 0 bytes, Stack size unknown bytes, entry8b.o(.ARM.Collect$$$$0000000A))

<P><STRONG><a name="[78]"></a>_main_init</STRONG> (Thumb, 0 bytes, Stack size unknown bytes, entry9a.o(.ARM.Collect$$$$0000000B))

<P><STRONG><a name="[79]"></a>__rt_final_cpp</STRONG> (Thumb, 0 bytes, Stack size unknown bytes, entry10a.o(.ARM.Collect$$$$0000000D))

<P><STRONG><a name="[7a]"></a>__rt_final_exit</STRONG> (Thumb, 0 bytes, Stack size unknown bytes, entry11a.o(.ARM.Collect$$$$0000000F))

<P><STRONG><a name="[0]"></a>Reset_Handler</STRONG> (Thumb, 8 bytes, Stack size 0 bytes, startup_stm32f030x6.o(.text))
<BR>[Address Reference Count : 1]<UL><LI> startup_stm32f030x6.o(RESET)
</UL>
<P><STRONG><a name="[10]"></a>ADC1_IRQHandler</STRONG> (Thumb, 0 bytes, Stack size 0 bytes, startup_stm32f030x6.o(.text))
<BR><BR>[Calls]<UL><LI><a href="#[10]">&gt;&gt;</a>&nbsp;&nbsp;&nbsp;ADC1_IRQHandler
</UL>
<BR>[Called By]<UL><LI><a href="#[10]">&gt;&gt;</a>&nbsp;&nbsp;&nbsp;ADC1_IRQHandler
</UL>
<BR>[Address Reference Count : 1]<UL><LI> startup_stm32f030x6.o(RESET)
</UL>
<P><STRONG><a name="[d]"></a>DMA1_Channel1_IRQHandler</STRONG> (Thumb, 0 bytes, Stack size 0 bytes, startup_stm32f030x6.o(.text))
<BR>[Address Reference Count : 1]<UL><LI> startup_stm32f030x6.o(RESET)
</UL>
<P><STRONG><a name="[e]"></a>DMA1_Channel2_3_IRQHandler</STRONG> (Thumb, 0 bytes, Stack size 0 bytes, startup_stm32f030x6.o(.text))
<BR>[Address Reference Count : 1]<UL><LI> startup_stm32f030x6.o(RESET)
</UL>
<P><STRONG><a name="[f]"></a>DMA1_Channel4_5_IRQHandler</STRONG> (Thumb, 0 bytes, Stack size 0 bytes, startup_stm32f030x6.o(.text))
<BR>[Address Reference Count : 1]<UL><LI> startup_stm32f030x6.o(RESET)
</UL>
<P><STRONG><a name="[a]"></a>EXTI0_1_IRQHandler</STRONG> (Thumb, 0 bytes, Stack size 0 bytes, startup_stm32f030x6.o(.text))
<BR>[Address Reference Count : 1]<UL><LI> startup_stm32f030x6.o(RESET)
</UL>
<P><STRONG><a name="[b]"></a>EXTI2_3_IRQHandler</STRONG> (Thumb, 0 bytes, Stack size 0 bytes, startup_stm32f030x6.o(.text))
<BR>[Address Reference Count : 1]<UL><LI> startup_stm32f030x6.o(RESET)
</UL>
<P><STRONG><a name="[c]"></a>EXTI4_15_IRQHandler</STRONG> (Thumb, 0 bytes, Stack size 0 bytes, startup_stm32f030x6.o(.text))
<BR>[Address Reference Count : 1]<UL><LI> startup_stm32f030x6.o(RESET)
</UL>
<P><STRONG><a name="[8]"></a>FLASH_IRQHandler</STRONG> (Thumb, 0 bytes, Stack size 0 bytes, startup_stm32f030x6.o(.text))
<BR>[Address Reference Count : 1]<UL><LI> startup_stm32f030x6.o(RESET)
</UL>
<P><STRONG><a name="[17]"></a>I2C1_IRQHandler</STRONG> (Thumb, 0 bytes, Stack size 0 bytes, startup_stm32f030x6.o(.text))
<BR>[Address Reference Count : 1]<UL><LI> startup_stm32f030x6.o(RESET)
</UL>
<P><STRONG><a name="[9]"></a>RCC_IRQHandler</STRONG> (Thumb, 0 bytes, Stack size 0 bytes, startup_stm32f030x6.o(.text))
<BR>[Address Reference Count : 1]<UL><LI> startup_stm32f030x6.o(RESET)
</UL>
<P><STRONG><a name="[7]"></a>RTC_IRQHandler</STRONG> (Thumb, 0 bytes, Stack size 0 bytes, startup_stm32f030x6.o(.text))
<BR>[Address Reference Count : 1]<UL><LI> startup_stm32f030x6.o(RESET)
</UL>
<P><STRONG><a name="[18]"></a>SPI1_IRQHandler</STRONG> (Thumb, 0 bytes, Stack size 0 bytes, startup_stm32f030x6.o(.text))
<BR>[Address Reference Count : 1]<UL><LI> startup_stm32f030x6.o(RESET)
</UL>
<P><STRONG><a name="[14]"></a>TIM14_IRQHandler</STRONG> (Thumb, 0 bytes, Stack size 0 bytes, startup_stm32f030x6.o(.text))
<BR>[Address Reference Count : 1]<UL><LI> startup_stm32f030x6.o(RESET)
</UL>
<P><STRONG><a name="[15]"></a>TIM16_IRQHandler</STRONG> (Thumb, 0 bytes, Stack size 0 bytes, startup_stm32f030x6.o(.text))
<BR>[Address Reference Count : 1]<UL><LI> startup_stm32f030x6.o(RESET)
</UL>
<P><STRONG><a name="[16]"></a>TIM17_IRQHandler</STRONG> (Thumb, 0 bytes, Stack size 0 bytes, startup_stm32f030x6.o(.text))
<BR>[Address Reference Count : 1]<UL><LI> startup_stm32f030x6.o(RESET)
</UL>
<P><STRONG><a name="[11]"></a>TIM1_BRK_UP_TRG_COM_IRQHandler</STRONG> (Thumb, 0 bytes, Stack size 0 bytes, startup_stm32f030x6.o(.text))
<BR>[Address Reference Count : 1]<UL><LI> startup_stm32f030x6.o(RESET)
</UL>
<P><STRONG><a name="[12]"></a>TIM1_CC_IRQHandler</STRONG> (Thumb, 0 bytes, Stack size 0 bytes, startup_stm32f030x6.o(.text))
<BR>[Address Reference Count : 1]<UL><LI> startup_stm32f030x6.o(RESET)
</UL>
<P><STRONG><a name="[13]"></a>TIM3_IRQHandler</STRONG> (Thumb, 0 bytes, Stack size 0 bytes, startup_stm32f030x6.o(.text))
<BR>[Address Reference Count : 1]<UL><LI> startup_stm32f030x6.o(RESET)
</UL>
<P><STRONG><a name="[19]"></a>USART1_IRQHandler</STRONG> (Thumb, 0 bytes, Stack size 0 bytes, startup_stm32f030x6.o(.text))
<BR>[Address Reference Count : 1]<UL><LI> startup_stm32f030x6.o(RESET)
</UL>
<P><STRONG><a name="[6]"></a>WWDG_IRQHandler</STRONG> (Thumb, 0 bytes, Stack size 0 bytes, startup_stm32f030x6.o(.text))
<BR>[Address Reference Count : 1]<UL><LI> startup_stm32f030x6.o(RESET)
</UL>
<P><STRONG><a name="[7b]"></a>__aeabi_uidiv</STRONG> (Thumb, 0 bytes, Stack size 12 bytes, uidiv.o(.text), UNUSED)

<P><STRONG><a name="[47]"></a>__aeabi_uidivmod</STRONG> (Thumb, 44 bytes, Stack size 12 bytes, uidiv.o(.text))
<BR><BR>[Stack]<UL><LI>Max Depth = 12<LI>Call Chain = __aeabi_uidivmod
</UL>
<BR>[Called By]<UL><LI><a href="#[52]">&gt;&gt;</a>&nbsp;&nbsp;&nbsp;UART_SetConfig
<LI><a href="#[45]">&gt;&gt;</a>&nbsp;&nbsp;&nbsp;HAL_InitTick
<LI><a href="#[65]">&gt;&gt;</a>&nbsp;&nbsp;&nbsp;_printf_core
</UL>

<P><STRONG><a name="[20]"></a>__aeabi_uldivmod</STRONG> (Thumb, 96 bytes, Stack size 48 bytes, uldiv.o(.text))
<BR><BR>[Stack]<UL><LI>Max Depth = 56<LI>Call Chain = __aeabi_uldivmod &rArr; __aeabi_llsr
</UL>
<BR>[Calls]<UL><LI><a href="#[21]">&gt;&gt;</a>&nbsp;&nbsp;&nbsp;__aeabi_llsr
<LI><a href="#[22]">&gt;&gt;</a>&nbsp;&nbsp;&nbsp;__aeabi_llsl
</UL>
<BR>[Called By]<UL><LI><a href="#[4d]">&gt;&gt;</a>&nbsp;&nbsp;&nbsp;HAL_RCC_GetSysClockFreq
<LI><a href="#[65]">&gt;&gt;</a>&nbsp;&nbsp;&nbsp;_printf_core
<LI><a href="#[66]">&gt;&gt;</a>&nbsp;&nbsp;&nbsp;_fp_digits
</UL>

<P><STRONG><a name="[21]"></a>__aeabi_llsr</STRONG> (Thumb, 34 bytes, Stack size 8 bytes, llushr.o(.text))
<BR><BR>[Stack]<UL><LI>Max Depth = 8<LI>Call Chain = __aeabi_llsr
</UL>
<BR>[Called By]<UL><LI><a href="#[20]">&gt;&gt;</a>&nbsp;&nbsp;&nbsp;__aeabi_uldivmod
<LI><a href="#[2d]">&gt;&gt;</a>&nbsp;&nbsp;&nbsp;_double_epilogue
<LI><a href="#[33]">&gt;&gt;</a>&nbsp;&nbsp;&nbsp;__aeabi_d2ulz
</UL>

<P><STRONG><a name="[7c]"></a>_ll_ushift_r</STRONG> (Thumb, 0 bytes, Stack size 8 bytes, llushr.o(.text), UNUSED)

<P><STRONG><a name="[24]"></a>__aeabi_memset</STRONG> (Thumb, 14 bytes, Stack size 0 bytes, memseta.o(.text), UNUSED)
<BR><BR>[Called By]<UL><LI><a href="#[25]">&gt;&gt;</a>&nbsp;&nbsp;&nbsp;_memset$wrapper
<LI><a href="#[23]">&gt;&gt;</a>&nbsp;&nbsp;&nbsp;__aeabi_memclr
</UL>

<P><STRONG><a name="[7d]"></a>__aeabi_memset4</STRONG> (Thumb, 0 bytes, Stack size 0 bytes, memseta.o(.text), UNUSED)

<P><STRONG><a name="[7e]"></a>__aeabi_memset8</STRONG> (Thumb, 0 bytes, Stack size 0 bytes, memseta.o(.text), UNUSED)

<P><STRONG><a name="[23]"></a>__aeabi_memclr</STRONG> (Thumb, 4 bytes, Stack size 0 bytes, memseta.o(.text), UNUSED)
<BR><BR>[Calls]<UL><LI><a href="#[24]">&gt;&gt;</a>&nbsp;&nbsp;&nbsp;__aeabi_memset
</UL>

<P><STRONG><a name="[41]"></a>__aeabi_memclr4</STRONG> (Thumb, 0 bytes, Stack size 0 bytes, memseta.o(.text))
<BR><BR>[Called By]<UL><LI><a href="#[51]">&gt;&gt;</a>&nbsp;&nbsp;&nbsp;HAL_UART_MspInit
<LI><a href="#[39]">&gt;&gt;</a>&nbsp;&nbsp;&nbsp;HAL_I2C_MspInit
<LI><a href="#[59]">&gt;&gt;</a>&nbsp;&nbsp;&nbsp;MX_GPIO_Init
<LI><a href="#[62]">&gt;&gt;</a>&nbsp;&nbsp;&nbsp;SystemClock_Config
</UL>

<P><STRONG><a name="[7f]"></a>__aeabi_memclr8</STRONG> (Thumb, 0 bytes, Stack size 0 bytes, memseta.o(.text), UNUSED)

<P><STRONG><a name="[25]"></a>_memset$wrapper</STRONG> (Thumb, 18 bytes, Stack size 8 bytes, memseta.o(.text), UNUSED)
<BR><BR>[Calls]<UL><LI><a href="#[24]">&gt;&gt;</a>&nbsp;&nbsp;&nbsp;__aeabi_memset
</UL>

<P><STRONG><a name="[26]"></a>__aeabi_fdiv</STRONG> (Thumb, 124 bytes, Stack size 16 bytes, fdiv.o(.text))
<BR><BR>[Stack]<UL><LI>Max Depth = 16<LI>Call Chain = __aeabi_fdiv
</UL>
<BR>[Calls]<UL><LI><a href="#[27]">&gt;&gt;</a>&nbsp;&nbsp;&nbsp;_float_round
</UL>
<BR>[Called By]<UL><LI><a href="#[73]">&gt;&gt;</a>&nbsp;&nbsp;&nbsp;readTempHum
</UL>

<P><STRONG><a name="[28]"></a>__aeabi_i2f</STRONG> (Thumb, 22 bytes, Stack size 8 bytes, fflti.o(.text))
<BR><BR>[Stack]<UL><LI>Max Depth = 20<LI>Call Chain = __aeabi_i2f &rArr; _float_epilogue
</UL>
<BR>[Calls]<UL><LI><a href="#[29]">&gt;&gt;</a>&nbsp;&nbsp;&nbsp;_float_epilogue
</UL>
<BR>[Called By]<UL><LI><a href="#[73]">&gt;&gt;</a>&nbsp;&nbsp;&nbsp;readTempHum
</UL>

<P><STRONG><a name="[2a]"></a>__aeabi_ui2f</STRONG> (Thumb, 14 bytes, Stack size 8 bytes, ffltui.o(.text))
<BR><BR>[Stack]<UL><LI>Max Depth = 20<LI>Call Chain = __aeabi_ui2f &rArr; _float_epilogue
</UL>
<BR>[Calls]<UL><LI><a href="#[29]">&gt;&gt;</a>&nbsp;&nbsp;&nbsp;_float_epilogue
</UL>
<BR>[Called By]<UL><LI><a href="#[73]">&gt;&gt;</a>&nbsp;&nbsp;&nbsp;readTempHum
</UL>

<P><STRONG><a name="[72]"></a>__aeabi_f2d</STRONG> (Thumb, 40 bytes, Stack size 0 bytes, f2d.o(.text))
<BR><BR>[Called By]<UL><LI><a href="#[1a]">&gt;&gt;</a>&nbsp;&nbsp;&nbsp;main
</UL>

<P><STRONG><a name="[22]"></a>__aeabi_llsl</STRONG> (Thumb, 32 bytes, Stack size 8 bytes, llshl.o(.text))
<BR><BR>[Stack]<UL><LI>Max Depth = 8<LI>Call Chain = __aeabi_llsl
</UL>
<BR>[Called By]<UL><LI><a href="#[20]">&gt;&gt;</a>&nbsp;&nbsp;&nbsp;__aeabi_uldivmod
<LI><a href="#[2d]">&gt;&gt;</a>&nbsp;&nbsp;&nbsp;_double_epilogue
<LI><a href="#[2b]">&gt;&gt;</a>&nbsp;&nbsp;&nbsp;__aeabi_dadd
<LI><a href="#[33]">&gt;&gt;</a>&nbsp;&nbsp;&nbsp;__aeabi_d2ulz
</UL>

<P><STRONG><a name="[80]"></a>_ll_shift_l</STRONG> (Thumb, 0 bytes, Stack size 8 bytes, llshl.o(.text), UNUSED)

<P><STRONG><a name="[81]"></a>__I$use$fp</STRONG> (Thumb, 0 bytes, Stack size 0 bytes, iusefp.o(.text), UNUSED)

<P><STRONG><a name="[27]"></a>_float_round</STRONG> (Thumb, 16 bytes, Stack size 0 bytes, fepilogue.o(.text))
<BR><BR>[Called By]<UL><LI><a href="#[26]">&gt;&gt;</a>&nbsp;&nbsp;&nbsp;__aeabi_fdiv
</UL>

<P><STRONG><a name="[29]"></a>_float_epilogue</STRONG> (Thumb, 114 bytes, Stack size 12 bytes, fepilogue.o(.text))
<BR><BR>[Stack]<UL><LI>Max Depth = 12<LI>Call Chain = _float_epilogue
</UL>
<BR>[Called By]<UL><LI><a href="#[2a]">&gt;&gt;</a>&nbsp;&nbsp;&nbsp;__aeabi_ui2f
<LI><a href="#[28]">&gt;&gt;</a>&nbsp;&nbsp;&nbsp;__aeabi_i2f
</UL>

<P><STRONG><a name="[2b]"></a>__aeabi_dadd</STRONG> (Thumb, 328 bytes, Stack size 48 bytes, dadd.o(.text), UNUSED)
<BR><BR>[Calls]<UL><LI><a href="#[2c]">&gt;&gt;</a>&nbsp;&nbsp;&nbsp;__aeabi_lasr
<LI><a href="#[2e]">&gt;&gt;</a>&nbsp;&nbsp;&nbsp;_double_round
<LI><a href="#[2d]">&gt;&gt;</a>&nbsp;&nbsp;&nbsp;_double_epilogue
<LI><a href="#[22]">&gt;&gt;</a>&nbsp;&nbsp;&nbsp;__aeabi_llsl
</UL>
<BR>[Called By]<UL><LI><a href="#[30]">&gt;&gt;</a>&nbsp;&nbsp;&nbsp;__aeabi_drsub
<LI><a href="#[2f]">&gt;&gt;</a>&nbsp;&nbsp;&nbsp;__aeabi_dsub
<LI><a href="#[66]">&gt;&gt;</a>&nbsp;&nbsp;&nbsp;_fp_digits
</UL>

<P><STRONG><a name="[2f]"></a>__aeabi_dsub</STRONG> (Thumb, 12 bytes, Stack size 8 bytes, dadd.o(.text), UNUSED)
<BR><BR>[Calls]<UL><LI><a href="#[2b]">&gt;&gt;</a>&nbsp;&nbsp;&nbsp;__aeabi_dadd
</UL>

<P><STRONG><a name="[30]"></a>__aeabi_drsub</STRONG> (Thumb, 12 bytes, Stack size 8 bytes, dadd.o(.text), UNUSED)
<BR><BR>[Calls]<UL><LI><a href="#[2b]">&gt;&gt;</a>&nbsp;&nbsp;&nbsp;__aeabi_dadd
</UL>

<P><STRONG><a name="[31]"></a>__aeabi_dmul</STRONG> (Thumb, 202 bytes, Stack size 72 bytes, dmul.o(.text), UNUSED)
<BR><BR>[Calls]<UL><LI><a href="#[2d]">&gt;&gt;</a>&nbsp;&nbsp;&nbsp;_double_epilogue
</UL>
<BR>[Called By]<UL><LI><a href="#[66]">&gt;&gt;</a>&nbsp;&nbsp;&nbsp;_fp_digits
</UL>

<P><STRONG><a name="[32]"></a>__aeabi_ddiv</STRONG> (Thumb, 234 bytes, Stack size 40 bytes, ddiv.o(.text), UNUSED)
<BR><BR>[Calls]<UL><LI><a href="#[2e]">&gt;&gt;</a>&nbsp;&nbsp;&nbsp;_double_round
</UL>
<BR>[Called By]<UL><LI><a href="#[66]">&gt;&gt;</a>&nbsp;&nbsp;&nbsp;_fp_digits
</UL>

<P><STRONG><a name="[33]"></a>__aeabi_d2ulz</STRONG> (Thumb, 54 bytes, Stack size 8 bytes, dfixul.o(.text), UNUSED)
<BR><BR>[Calls]<UL><LI><a href="#[21]">&gt;&gt;</a>&nbsp;&nbsp;&nbsp;__aeabi_llsr
<LI><a href="#[22]">&gt;&gt;</a>&nbsp;&nbsp;&nbsp;__aeabi_llsl
</UL>
<BR>[Called By]<UL><LI><a href="#[66]">&gt;&gt;</a>&nbsp;&nbsp;&nbsp;_fp_digits
</UL>

<P><STRONG><a name="[67]"></a>__aeabi_cdrcmple</STRONG> (Thumb, 38 bytes, Stack size 0 bytes, cdrcmple.o(.text), UNUSED)
<BR><BR>[Called By]<UL><LI><a href="#[66]">&gt;&gt;</a>&nbsp;&nbsp;&nbsp;_fp_digits
</UL>

<P><STRONG><a name="[1f]"></a>__scatterload</STRONG> (Thumb, 28 bytes, Stack size 0 bytes, init.o(.text))
<BR><BR>[Calls]<UL><LI><a href="#[34]">&gt;&gt;</a>&nbsp;&nbsp;&nbsp;__main_after_scatterload
</UL>
<BR>[Called By]<UL><LI><a href="#[1e]">&gt;&gt;</a>&nbsp;&nbsp;&nbsp;_main_scatterload
</UL>

<P><STRONG><a name="[82]"></a>__scatterload_rt2</STRONG> (Thumb, 0 bytes, Stack size 0 bytes, init.o(.text), UNUSED)

<P><STRONG><a name="[2c]"></a>__aeabi_lasr</STRONG> (Thumb, 38 bytes, Stack size 8 bytes, llsshr.o(.text), UNUSED)
<BR><BR>[Called By]<UL><LI><a href="#[2b]">&gt;&gt;</a>&nbsp;&nbsp;&nbsp;__aeabi_dadd
</UL>

<P><STRONG><a name="[83]"></a>_ll_sshift_r</STRONG> (Thumb, 0 bytes, Stack size 8 bytes, llsshr.o(.text), UNUSED)

<P><STRONG><a name="[2e]"></a>_double_round</STRONG> (Thumb, 26 bytes, Stack size 8 bytes, depilogue.o(.text), UNUSED)
<BR><BR>[Called By]<UL><LI><a href="#[2d]">&gt;&gt;</a>&nbsp;&nbsp;&nbsp;_double_epilogue
<LI><a href="#[32]">&gt;&gt;</a>&nbsp;&nbsp;&nbsp;__aeabi_ddiv
<LI><a href="#[2b]">&gt;&gt;</a>&nbsp;&nbsp;&nbsp;__aeabi_dadd
</UL>

<P><STRONG><a name="[2d]"></a>_double_epilogue</STRONG> (Thumb, 164 bytes, Stack size 48 bytes, depilogue.o(.text), UNUSED)
<BR><BR>[Calls]<UL><LI><a href="#[21]">&gt;&gt;</a>&nbsp;&nbsp;&nbsp;__aeabi_llsr
<LI><a href="#[35]">&gt;&gt;</a>&nbsp;&nbsp;&nbsp;__ARM_clz
<LI><a href="#[2e]">&gt;&gt;</a>&nbsp;&nbsp;&nbsp;_double_round
<LI><a href="#[22]">&gt;&gt;</a>&nbsp;&nbsp;&nbsp;__aeabi_llsl
</UL>
<BR>[Called By]<UL><LI><a href="#[31]">&gt;&gt;</a>&nbsp;&nbsp;&nbsp;__aeabi_dmul
<LI><a href="#[2b]">&gt;&gt;</a>&nbsp;&nbsp;&nbsp;__aeabi_dadd
</UL>

<P><STRONG><a name="[5c]"></a>Error_Handler</STRONG> (Thumb, 4 bytes, Stack size 0 bytes, main.o(i.Error_Handler))
<BR><BR>[Called By]<UL><LI><a href="#[60]">&gt;&gt;</a>&nbsp;&nbsp;&nbsp;MX_USART1_UART_Init
<LI><a href="#[5f]">&gt;&gt;</a>&nbsp;&nbsp;&nbsp;MX_IWDG_Init
<LI><a href="#[5b]">&gt;&gt;</a>&nbsp;&nbsp;&nbsp;MX_I2C1_Init
</UL>

<P><STRONG><a name="[36]"></a>HAL_Delay</STRONG> (Thumb, 32 bytes, Stack size 16 bytes, stm32f0xx_hal.o(i.HAL_Delay))
<BR><BR>[Stack]<UL><LI>Max Depth = 16<LI>Call Chain = HAL_Delay
</UL>
<BR>[Calls]<UL><LI><a href="#[37]">&gt;&gt;</a>&nbsp;&nbsp;&nbsp;HAL_GetTick
</UL>
<BR>[Called By]<UL><LI><a href="#[6d]">&gt;&gt;</a>&nbsp;&nbsp;&nbsp;reset
<LI><a href="#[6a]">&gt;&gt;</a>&nbsp;&nbsp;&nbsp;heater
<LI><a href="#[1a]">&gt;&gt;</a>&nbsp;&nbsp;&nbsp;main
<LI><a href="#[73]">&gt;&gt;</a>&nbsp;&nbsp;&nbsp;readTempHum
</UL>

<P><STRONG><a name="[42]"></a>HAL_GPIO_Init</STRONG> (Thumb, 344 bytes, Stack size 28 bytes, stm32f0xx_hal_gpio.o(i.HAL_GPIO_Init))
<BR><BR>[Stack]<UL><LI>Max Depth = 28<LI>Call Chain = HAL_GPIO_Init
</UL>
<BR>[Called By]<UL><LI><a href="#[51]">&gt;&gt;</a>&nbsp;&nbsp;&nbsp;HAL_UART_MspInit
<LI><a href="#[39]">&gt;&gt;</a>&nbsp;&nbsp;&nbsp;HAL_I2C_MspInit
<LI><a href="#[59]">&gt;&gt;</a>&nbsp;&nbsp;&nbsp;MX_GPIO_Init
</UL>

<P><STRONG><a name="[6f]"></a>HAL_GPIO_TogglePin</STRONG> (Thumb, 16 bytes, Stack size 0 bytes, stm32f0xx_hal_gpio.o(i.HAL_GPIO_TogglePin))
<BR><BR>[Called By]<UL><LI><a href="#[1a]">&gt;&gt;</a>&nbsp;&nbsp;&nbsp;main
</UL>

<P><STRONG><a name="[5a]"></a>HAL_GPIO_WritePin</STRONG> (Thumb, 12 bytes, Stack size 0 bytes, stm32f0xx_hal_gpio.o(i.HAL_GPIO_WritePin))
<BR><BR>[Called By]<UL><LI><a href="#[59]">&gt;&gt;</a>&nbsp;&nbsp;&nbsp;MX_GPIO_Init
</UL>

<P><STRONG><a name="[37]"></a>HAL_GetTick</STRONG> (Thumb, 6 bytes, Stack size 0 bytes, stm32f0xx_hal.o(i.HAL_GetTick))
<BR><BR>[Called By]<UL><LI><a href="#[40]">&gt;&gt;</a>&nbsp;&nbsp;&nbsp;I2C_WaitOnTXISFlagUntilTimeout
<LI><a href="#[3e]">&gt;&gt;</a>&nbsp;&nbsp;&nbsp;I2C_WaitOnSTOPFlagUntilTimeout
<LI><a href="#[3d]">&gt;&gt;</a>&nbsp;&nbsp;&nbsp;I2C_WaitOnRXNEFlagUntilTimeout
<LI><a href="#[3b]">&gt;&gt;</a>&nbsp;&nbsp;&nbsp;I2C_WaitOnFlagUntilTimeout
<LI><a href="#[57]">&gt;&gt;</a>&nbsp;&nbsp;&nbsp;I2C_IsAcknowledgeFailed
<LI><a href="#[43]">&gt;&gt;</a>&nbsp;&nbsp;&nbsp;HAL_IWDG_Init
<LI><a href="#[55]">&gt;&gt;</a>&nbsp;&nbsp;&nbsp;HAL_UART_Transmit
<LI><a href="#[4f]">&gt;&gt;</a>&nbsp;&nbsp;&nbsp;HAL_RCC_OscConfig
<LI><a href="#[4c]">&gt;&gt;</a>&nbsp;&nbsp;&nbsp;HAL_RCC_ClockConfig
<LI><a href="#[4b]">&gt;&gt;</a>&nbsp;&nbsp;&nbsp;HAL_RCCEx_PeriphCLKConfig
<LI><a href="#[36]">&gt;&gt;</a>&nbsp;&nbsp;&nbsp;HAL_Delay
<LI><a href="#[56]">&gt;&gt;</a>&nbsp;&nbsp;&nbsp;UART_WaitOnFlagUntilTimeout
<LI><a href="#[54]">&gt;&gt;</a>&nbsp;&nbsp;&nbsp;UART_CheckIdleState
<LI><a href="#[3f]">&gt;&gt;</a>&nbsp;&nbsp;&nbsp;HAL_I2C_Master_Transmit
<LI><a href="#[3a]">&gt;&gt;</a>&nbsp;&nbsp;&nbsp;HAL_I2C_Master_Receive
</UL>

<P><STRONG><a name="[5d]"></a>HAL_I2CEx_ConfigAnalogFilter</STRONG> (Thumb, 74 bytes, Stack size 16 bytes, stm32f0xx_hal_i2c_ex.o(i.HAL_I2CEx_ConfigAnalogFilter))
<BR><BR>[Stack]<UL><LI>Max Depth = 16<LI>Call Chain = HAL_I2CEx_ConfigAnalogFilter
</UL>
<BR>[Called By]<UL><LI><a href="#[5b]">&gt;&gt;</a>&nbsp;&nbsp;&nbsp;MX_I2C1_Init
</UL>

<P><STRONG><a name="[5e]"></a>HAL_I2CEx_ConfigDigitalFilter</STRONG> (Thumb, 72 bytes, Stack size 16 bytes, stm32f0xx_hal_i2c_ex.o(i.HAL_I2CEx_ConfigDigitalFilter))
<BR><BR>[Stack]<UL><LI>Max Depth = 16<LI>Call Chain = HAL_I2CEx_ConfigDigitalFilter
</UL>
<BR>[Called By]<UL><LI><a href="#[5b]">&gt;&gt;</a>&nbsp;&nbsp;&nbsp;MX_I2C1_Init
</UL>

<P><STRONG><a name="[38]"></a>HAL_I2C_Init</STRONG> (Thumb, 176 bytes, Stack size 16 bytes, stm32f0xx_hal_i2c.o(i.HAL_I2C_Init))
<BR><BR>[Stack]<UL><LI>Max Depth = 76<LI>Call Chain = HAL_I2C_Init &rArr; HAL_I2C_MspInit &rArr; HAL_GPIO_Init
</UL>
<BR>[Calls]<UL><LI><a href="#[39]">&gt;&gt;</a>&nbsp;&nbsp;&nbsp;HAL_I2C_MspInit
</UL>
<BR>[Called By]<UL><LI><a href="#[5b]">&gt;&gt;</a>&nbsp;&nbsp;&nbsp;MX_I2C1_Init
</UL>

<P><STRONG><a name="[3a]"></a>HAL_I2C_Master_Receive</STRONG> (Thumb, 262 bytes, Stack size 40 bytes, stm32f0xx_hal_i2c.o(i.HAL_I2C_Master_Receive))
<BR><BR>[Stack]<UL><LI>Max Depth = 104<LI>Call Chain = HAL_I2C_Master_Receive &rArr; I2C_WaitOnRXNEFlagUntilTimeout &rArr; I2C_IsAcknowledgeFailed
</UL>
<BR>[Calls]<UL><LI><a href="#[3e]">&gt;&gt;</a>&nbsp;&nbsp;&nbsp;I2C_WaitOnSTOPFlagUntilTimeout
<LI><a href="#[3d]">&gt;&gt;</a>&nbsp;&nbsp;&nbsp;I2C_WaitOnRXNEFlagUntilTimeout
<LI><a href="#[3b]">&gt;&gt;</a>&nbsp;&nbsp;&nbsp;I2C_WaitOnFlagUntilTimeout
<LI><a href="#[3c]">&gt;&gt;</a>&nbsp;&nbsp;&nbsp;I2C_TransferConfig
<LI><a href="#[37]">&gt;&gt;</a>&nbsp;&nbsp;&nbsp;HAL_GetTick
</UL>
<BR>[Called By]<UL><LI><a href="#[73]">&gt;&gt;</a>&nbsp;&nbsp;&nbsp;readTempHum
</UL>

<P><STRONG><a name="[3f]"></a>HAL_I2C_Master_Transmit</STRONG> (Thumb, 262 bytes, Stack size 40 bytes, stm32f0xx_hal_i2c.o(i.HAL_I2C_Master_Transmit))
<BR><BR>[Stack]<UL><LI>Max Depth = 88<LI>Call Chain = HAL_I2C_Master_Transmit &rArr; I2C_WaitOnTXISFlagUntilTimeout &rArr; I2C_IsAcknowledgeFailed
</UL>
<BR>[Calls]<UL><LI><a href="#[40]">&gt;&gt;</a>&nbsp;&nbsp;&nbsp;I2C_WaitOnTXISFlagUntilTimeout
<LI><a href="#[3e]">&gt;&gt;</a>&nbsp;&nbsp;&nbsp;I2C_WaitOnSTOPFlagUntilTimeout
<LI><a href="#[3b]">&gt;&gt;</a>&nbsp;&nbsp;&nbsp;I2C_WaitOnFlagUntilTimeout
<LI><a href="#[3c]">&gt;&gt;</a>&nbsp;&nbsp;&nbsp;I2C_TransferConfig
<LI><a href="#[37]">&gt;&gt;</a>&nbsp;&nbsp;&nbsp;HAL_GetTick
</UL>
<BR>[Called By]<UL><LI><a href="#[6b]">&gt;&gt;</a>&nbsp;&nbsp;&nbsp;writeCommand
</UL>

<P><STRONG><a name="[39]"></a>HAL_I2C_MspInit</STRONG> (Thumb, 92 bytes, Stack size 32 bytes, i2c.o(i.HAL_I2C_MspInit))
<BR><BR>[Stack]<UL><LI>Max Depth = 60<LI>Call Chain = HAL_I2C_MspInit &rArr; HAL_GPIO_Init
</UL>
<BR>[Calls]<UL><LI><a href="#[42]">&gt;&gt;</a>&nbsp;&nbsp;&nbsp;HAL_GPIO_Init
<LI><a href="#[41]">&gt;&gt;</a>&nbsp;&nbsp;&nbsp;__aeabi_memclr4
</UL>
<BR>[Called By]<UL><LI><a href="#[38]">&gt;&gt;</a>&nbsp;&nbsp;&nbsp;HAL_I2C_Init
</UL>

<P><STRONG><a name="[43]"></a>HAL_IWDG_Init</STRONG> (Thumb, 86 bytes, Stack size 16 bytes, stm32f0xx_hal_iwdg.o(i.HAL_IWDG_Init))
<BR><BR>[Stack]<UL><LI>Max Depth = 16<LI>Call Chain = HAL_IWDG_Init
</UL>
<BR>[Calls]<UL><LI><a href="#[37]">&gt;&gt;</a>&nbsp;&nbsp;&nbsp;HAL_GetTick
</UL>
<BR>[Called By]<UL><LI><a href="#[5f]">&gt;&gt;</a>&nbsp;&nbsp;&nbsp;MX_IWDG_Init
</UL>

<P><STRONG><a name="[6e]"></a>HAL_IWDG_Refresh</STRONG> (Thumb, 10 bytes, Stack size 0 bytes, stm32f0xx_hal_iwdg.o(i.HAL_IWDG_Refresh))
<BR><BR>[Called By]<UL><LI><a href="#[1a]">&gt;&gt;</a>&nbsp;&nbsp;&nbsp;main
</UL>

<P><STRONG><a name="[61]"></a>HAL_IncTick</STRONG> (Thumb, 12 bytes, Stack size 0 bytes, stm32f0xx_hal.o(i.HAL_IncTick))
<BR><BR>[Called By]<UL><LI><a href="#[5]">&gt;&gt;</a>&nbsp;&nbsp;&nbsp;SysTick_Handler
</UL>

<P><STRONG><a name="[44]"></a>HAL_Init</STRONG> (Thumb, 26 bytes, Stack size 8 bytes, stm32f0xx_hal.o(i.HAL_Init))
<BR><BR>[Stack]<UL><LI>Max Depth = 36<LI>Call Chain = HAL_Init &rArr; HAL_InitTick &rArr; __aeabi_uidivmod
</UL>
<BR>[Calls]<UL><LI><a href="#[46]">&gt;&gt;</a>&nbsp;&nbsp;&nbsp;HAL_MspInit
<LI><a href="#[45]">&gt;&gt;</a>&nbsp;&nbsp;&nbsp;HAL_InitTick
</UL>
<BR>[Called By]<UL><LI><a href="#[1a]">&gt;&gt;</a>&nbsp;&nbsp;&nbsp;main
</UL>

<P><STRONG><a name="[45]"></a>HAL_InitTick</STRONG> (Thumb, 58 bytes, Stack size 16 bytes, stm32f0xx_hal.o(i.HAL_InitTick))
<BR><BR>[Stack]<UL><LI>Max Depth = 28<LI>Call Chain = HAL_InitTick &rArr; __aeabi_uidivmod
</UL>
<BR>[Calls]<UL><LI><a href="#[47]">&gt;&gt;</a>&nbsp;&nbsp;&nbsp;__aeabi_uidivmod
<LI><a href="#[48]">&gt;&gt;</a>&nbsp;&nbsp;&nbsp;HAL_SYSTICK_Config
<LI><a href="#[49]">&gt;&gt;</a>&nbsp;&nbsp;&nbsp;HAL_NVIC_SetPriority
</UL>
<BR>[Called By]<UL><LI><a href="#[4c]">&gt;&gt;</a>&nbsp;&nbsp;&nbsp;HAL_RCC_ClockConfig
<LI><a href="#[44]">&gt;&gt;</a>&nbsp;&nbsp;&nbsp;HAL_Init
</UL>

<P><STRONG><a name="[46]"></a>HAL_MspInit</STRONG> (Thumb, 34 bytes, Stack size 8 bytes, stm32f0xx_hal_msp.o(i.HAL_MspInit))
<BR><BR>[Stack]<UL><LI>Max Depth = 8<LI>Call Chain = HAL_MspInit
</UL>
<BR>[Called By]<UL><LI><a href="#[44]">&gt;&gt;</a>&nbsp;&nbsp;&nbsp;HAL_Init
</UL>

<P><STRONG><a name="[49]"></a>HAL_NVIC_SetPriority</STRONG> (Thumb, 8 bytes, Stack size 8 bytes, stm32f0xx_hal_cortex.o(i.HAL_NVIC_SetPriority))
<BR><BR>[Stack]<UL><LI>Max Depth = 8<LI>Call Chain = HAL_NVIC_SetPriority
</UL>
<BR>[Calls]<UL><LI><a href="#[4a]">&gt;&gt;</a>&nbsp;&nbsp;&nbsp;__NVIC_SetPriority
</UL>
<BR>[Called By]<UL><LI><a href="#[45]">&gt;&gt;</a>&nbsp;&nbsp;&nbsp;HAL_InitTick
</UL>

<P><STRONG><a name="[4b]"></a>HAL_RCCEx_PeriphCLKConfig</STRONG> (Thumb, 218 bytes, Stack size 24 bytes, stm32f0xx_hal_rcc_ex.o(i.HAL_RCCEx_PeriphCLKConfig))
<BR><BR>[Stack]<UL><LI>Max Depth = 24<LI>Call Chain = HAL_RCCEx_PeriphCLKConfig
</UL>
<BR>[Calls]<UL><LI><a href="#[37]">&gt;&gt;</a>&nbsp;&nbsp;&nbsp;HAL_GetTick
</UL>
<BR>[Called By]<UL><LI><a href="#[62]">&gt;&gt;</a>&nbsp;&nbsp;&nbsp;SystemClock_Config
</UL>

<P><STRONG><a name="[4c]"></a>HAL_RCC_ClockConfig</STRONG> (Thumb, 242 bytes, Stack size 24 bytes, stm32f0xx_hal_rcc.o(i.HAL_RCC_ClockConfig))
<BR><BR>[Stack]<UL><LI>Max Depth = 120<LI>Call Chain = HAL_RCC_ClockConfig &rArr; HAL_RCC_GetSysClockFreq &rArr; __aeabi_uldivmod &rArr; __aeabi_llsr
</UL>
<BR>[Calls]<UL><LI><a href="#[45]">&gt;&gt;</a>&nbsp;&nbsp;&nbsp;HAL_InitTick
<LI><a href="#[4d]">&gt;&gt;</a>&nbsp;&nbsp;&nbsp;HAL_RCC_GetSysClockFreq
<LI><a href="#[37]">&gt;&gt;</a>&nbsp;&nbsp;&nbsp;HAL_GetTick
</UL>
<BR>[Called By]<UL><LI><a href="#[62]">&gt;&gt;</a>&nbsp;&nbsp;&nbsp;SystemClock_Config
</UL>

<P><STRONG><a name="[63]"></a>HAL_RCC_GetPCLK1Freq</STRONG> (Thumb, 20 bytes, Stack size 0 bytes, stm32f0xx_hal_rcc.o(i.HAL_RCC_GetPCLK1Freq))
<BR><BR>[Called By]<UL><LI><a href="#[52]">&gt;&gt;</a>&nbsp;&nbsp;&nbsp;UART_SetConfig
</UL>

<P><STRONG><a name="[4d]"></a>HAL_RCC_GetSysClockFreq</STRONG> (Thumb, 84 bytes, Stack size 40 bytes, stm32f0xx_hal_rcc.o(i.HAL_RCC_GetSysClockFreq))
<BR><BR>[Stack]<UL><LI>Max Depth = 96<LI>Call Chain = HAL_RCC_GetSysClockFreq &rArr; __aeabi_uldivmod &rArr; __aeabi_llsr
</UL>
<BR>[Calls]<UL><LI><a href="#[20]">&gt;&gt;</a>&nbsp;&nbsp;&nbsp;__aeabi_uldivmod
<LI><a href="#[4e]">&gt;&gt;</a>&nbsp;&nbsp;&nbsp;__ARM_common_ll_muluu
</UL>
<BR>[Called By]<UL><LI><a href="#[4c]">&gt;&gt;</a>&nbsp;&nbsp;&nbsp;HAL_RCC_ClockConfig
<LI><a href="#[52]">&gt;&gt;</a>&nbsp;&nbsp;&nbsp;UART_SetConfig
</UL>

<P><STRONG><a name="[4f]"></a>HAL_RCC_OscConfig</STRONG> (Thumb, 890 bytes, Stack size 32 bytes, stm32f0xx_hal_rcc.o(i.HAL_RCC_OscConfig))
<BR><BR>[Stack]<UL><LI>Max Depth = 32<LI>Call Chain = HAL_RCC_OscConfig
</UL>
<BR>[Calls]<UL><LI><a href="#[37]">&gt;&gt;</a>&nbsp;&nbsp;&nbsp;HAL_GetTick
</UL>
<BR>[Called By]<UL><LI><a href="#[62]">&gt;&gt;</a>&nbsp;&nbsp;&nbsp;SystemClock_Config
</UL>

<P><STRONG><a name="[50]"></a>HAL_RS485Ex_Init</STRONG> (Thumb, 132 bytes, Stack size 24 bytes, stm32f0xx_hal_uart_ex.o(i.HAL_RS485Ex_Init))
<BR><BR>[Stack]<UL><LI>Max Depth = 136<LI>Call Chain = HAL_RS485Ex_Init &rArr; UART_SetConfig &rArr; HAL_RCC_GetSysClockFreq &rArr; __aeabi_uldivmod &rArr; __aeabi_llsr
</UL>
<BR>[Calls]<UL><LI><a href="#[51]">&gt;&gt;</a>&nbsp;&nbsp;&nbsp;HAL_UART_MspInit
<LI><a href="#[52]">&gt;&gt;</a>&nbsp;&nbsp;&nbsp;UART_SetConfig
<LI><a href="#[54]">&gt;&gt;</a>&nbsp;&nbsp;&nbsp;UART_CheckIdleState
<LI><a href="#[53]">&gt;&gt;</a>&nbsp;&nbsp;&nbsp;UART_AdvFeatureConfig
</UL>
<BR>[Called By]<UL><LI><a href="#[60]">&gt;&gt;</a>&nbsp;&nbsp;&nbsp;MX_USART1_UART_Init
</UL>

<P><STRONG><a name="[48]"></a>HAL_SYSTICK_Config</STRONG> (Thumb, 38 bytes, Stack size 8 bytes, stm32f0xx_hal_cortex.o(i.HAL_SYSTICK_Config))
<BR><BR>[Stack]<UL><LI>Max Depth = 8<LI>Call Chain = HAL_SYSTICK_Config
</UL>
<BR>[Calls]<UL><LI><a href="#[4a]">&gt;&gt;</a>&nbsp;&nbsp;&nbsp;__NVIC_SetPriority
</UL>
<BR>[Called By]<UL><LI><a href="#[45]">&gt;&gt;</a>&nbsp;&nbsp;&nbsp;HAL_InitTick
</UL>

<P><STRONG><a name="[51]"></a>HAL_UART_MspInit</STRONG> (Thumb, 88 bytes, Stack size 32 bytes, usart.o(i.HAL_UART_MspInit))
<BR><BR>[Stack]<UL><LI>Max Depth = 60<LI>Call Chain = HAL_UART_MspInit &rArr; HAL_GPIO_Init
</UL>
<BR>[Calls]<UL><LI><a href="#[42]">&gt;&gt;</a>&nbsp;&nbsp;&nbsp;HAL_GPIO_Init
<LI><a href="#[41]">&gt;&gt;</a>&nbsp;&nbsp;&nbsp;__aeabi_memclr4
</UL>
<BR>[Called By]<UL><LI><a href="#[50]">&gt;&gt;</a>&nbsp;&nbsp;&nbsp;HAL_RS485Ex_Init
</UL>

<P><STRONG><a name="[55]"></a>HAL_UART_Transmit</STRONG> (Thumb, 210 bytes, Stack size 48 bytes, stm32f0xx_hal_uart.o(i.HAL_UART_Transmit))
<BR><BR>[Stack]<UL><LI>Max Depth = 88<LI>Call Chain = HAL_UART_Transmit &rArr; UART_WaitOnFlagUntilTimeout
</UL>
<BR>[Calls]<UL><LI><a href="#[56]">&gt;&gt;</a>&nbsp;&nbsp;&nbsp;UART_WaitOnFlagUntilTimeout
<LI><a href="#[37]">&gt;&gt;</a>&nbsp;&nbsp;&nbsp;HAL_GetTick
</UL>
<BR>[Called By]<UL><LI><a href="#[1a]">&gt;&gt;</a>&nbsp;&nbsp;&nbsp;main
</UL>

<P><STRONG><a name="[2]"></a>HardFault_Handler</STRONG> (Thumb, 2 bytes, Stack size 0 bytes, stm32f0xx_it.o(i.HardFault_Handler))
<BR><BR>[Calls]<UL><LI><a href="#[2]">&gt;&gt;</a>&nbsp;&nbsp;&nbsp;HardFault_Handler
</UL>
<BR>[Called By]<UL><LI><a href="#[2]">&gt;&gt;</a>&nbsp;&nbsp;&nbsp;HardFault_Handler
</UL>
<BR>[Address Reference Count : 1]<UL><LI> startup_stm32f030x6.o(RESET)
</UL>
<P><STRONG><a name="[59]"></a>MX_GPIO_Init</STRONG> (Thumb, 100 bytes, Stack size 40 bytes, gpio.o(i.MX_GPIO_Init))
<BR><BR>[Stack]<UL><LI>Max Depth = 68<LI>Call Chain = MX_GPIO_Init &rArr; HAL_GPIO_Init
</UL>
<BR>[Calls]<UL><LI><a href="#[5a]">&gt;&gt;</a>&nbsp;&nbsp;&nbsp;HAL_GPIO_WritePin
<LI><a href="#[42]">&gt;&gt;</a>&nbsp;&nbsp;&nbsp;HAL_GPIO_Init
<LI><a href="#[41]">&gt;&gt;</a>&nbsp;&nbsp;&nbsp;__aeabi_memclr4
</UL>
<BR>[Called By]<UL><LI><a href="#[1a]">&gt;&gt;</a>&nbsp;&nbsp;&nbsp;main
</UL>

<P><STRONG><a name="[5b]"></a>MX_I2C1_Init</STRONG> (Thumb, 76 bytes, Stack size 8 bytes, i2c.o(i.MX_I2C1_Init))
<BR><BR>[Stack]<UL><LI>Max Depth = 84<LI>Call Chain = MX_I2C1_Init &rArr; HAL_I2C_Init &rArr; HAL_I2C_MspInit &rArr; HAL_GPIO_Init
</UL>
<BR>[Calls]<UL><LI><a href="#[38]">&gt;&gt;</a>&nbsp;&nbsp;&nbsp;HAL_I2C_Init
<LI><a href="#[5e]">&gt;&gt;</a>&nbsp;&nbsp;&nbsp;HAL_I2CEx_ConfigDigitalFilter
<LI><a href="#[5d]">&gt;&gt;</a>&nbsp;&nbsp;&nbsp;HAL_I2CEx_ConfigAnalogFilter
<LI><a href="#[5c]">&gt;&gt;</a>&nbsp;&nbsp;&nbsp;Error_Handler
</UL>
<BR>[Called By]<UL><LI><a href="#[1a]">&gt;&gt;</a>&nbsp;&nbsp;&nbsp;main
</UL>

<P><STRONG><a name="[5f]"></a>MX_IWDG_Init</STRONG> (Thumb, 32 bytes, Stack size 8 bytes, iwdg.o(i.MX_IWDG_Init))
<BR><BR>[Stack]<UL><LI>Max Depth = 24<LI>Call Chain = MX_IWDG_Init &rArr; HAL_IWDG_Init
</UL>
<BR>[Calls]<UL><LI><a href="#[43]">&gt;&gt;</a>&nbsp;&nbsp;&nbsp;HAL_IWDG_Init
<LI><a href="#[5c]">&gt;&gt;</a>&nbsp;&nbsp;&nbsp;Error_Handler
</UL>
<BR>[Called By]<UL><LI><a href="#[1a]">&gt;&gt;</a>&nbsp;&nbsp;&nbsp;main
</UL>

<P><STRONG><a name="[60]"></a>MX_USART1_UART_Init</STRONG> (Thumb, 52 bytes, Stack size 8 bytes, usart.o(i.MX_USART1_UART_Init))
<BR><BR>[Stack]<UL><LI>Max Depth = 144<LI>Call Chain = MX_USART1_UART_Init &rArr; HAL_RS485Ex_Init &rArr; UART_SetConfig &rArr; HAL_RCC_GetSysClockFreq &rArr; __aeabi_uldivmod &rArr; __aeabi_llsr
</UL>
<BR>[Calls]<UL><LI><a href="#[50]">&gt;&gt;</a>&nbsp;&nbsp;&nbsp;HAL_RS485Ex_Init
<LI><a href="#[5c]">&gt;&gt;</a>&nbsp;&nbsp;&nbsp;Error_Handler
</UL>
<BR>[Called By]<UL><LI><a href="#[1a]">&gt;&gt;</a>&nbsp;&nbsp;&nbsp;main
</UL>

<P><STRONG><a name="[1]"></a>NMI_Handler</STRONG> (Thumb, 2 bytes, Stack size 0 bytes, stm32f0xx_it.o(i.NMI_Handler))
<BR><BR>[Calls]<UL><LI><a href="#[1]">&gt;&gt;</a>&nbsp;&nbsp;&nbsp;NMI_Handler
</UL>
<BR>[Called By]<UL><LI><a href="#[1]">&gt;&gt;</a>&nbsp;&nbsp;&nbsp;NMI_Handler
</UL>
<BR>[Address Reference Count : 1]<UL><LI> startup_stm32f030x6.o(RESET)
</UL>
<P><STRONG><a name="[4]"></a>PendSV_Handler</STRONG> (Thumb, 2 bytes, Stack size 0 bytes, stm32f0xx_it.o(i.PendSV_Handler))
<BR>[Address Reference Count : 1]<UL><LI> startup_stm32f030x6.o(RESET)
</UL>
<P><STRONG><a name="[3]"></a>SVC_Handler</STRONG> (Thumb, 2 bytes, Stack size 0 bytes, stm32f0xx_it.o(i.SVC_Handler))
<BR>[Address Reference Count : 1]<UL><LI> startup_stm32f030x6.o(RESET)
</UL>
<P><STRONG><a name="[5]"></a>SysTick_Handler</STRONG> (Thumb, 8 bytes, Stack size 8 bytes, stm32f0xx_it.o(i.SysTick_Handler))
<BR><BR>[Stack]<UL><LI>Max Depth = 8<LI>Call Chain = SysTick_Handler
</UL>
<BR>[Calls]<UL><LI><a href="#[61]">&gt;&gt;</a>&nbsp;&nbsp;&nbsp;HAL_IncTick
</UL>
<BR>[Address Reference Count : 1]<UL><LI> startup_stm32f030x6.o(RESET)
</UL>
<P><STRONG><a name="[62]"></a>SystemClock_Config</STRONG> (Thumb, 112 bytes, Stack size 88 bytes, main.o(i.SystemClock_Config))
<BR><BR>[Stack]<UL><LI>Max Depth = 208<LI>Call Chain = SystemClock_Config &rArr; HAL_RCC_ClockConfig &rArr; HAL_RCC_GetSysClockFreq &rArr; __aeabi_uldivmod &rArr; __aeabi_llsr
</UL>
<BR>[Calls]<UL><LI><a href="#[4f]">&gt;&gt;</a>&nbsp;&nbsp;&nbsp;HAL_RCC_OscConfig
<LI><a href="#[4c]">&gt;&gt;</a>&nbsp;&nbsp;&nbsp;HAL_RCC_ClockConfig
<LI><a href="#[4b]">&gt;&gt;</a>&nbsp;&nbsp;&nbsp;HAL_RCCEx_PeriphCLKConfig
<LI><a href="#[41]">&gt;&gt;</a>&nbsp;&nbsp;&nbsp;__aeabi_memclr4
</UL>
<BR>[Called By]<UL><LI><a href="#[1a]">&gt;&gt;</a>&nbsp;&nbsp;&nbsp;main
</UL>

<P><STRONG><a name="[1b]"></a>SystemInit</STRONG> (Thumb, 2 bytes, Stack size 0 bytes, system_stm32f0xx.o(i.SystemInit))
<BR>[Address Reference Count : 1]<UL><LI> startup_stm32f030x6.o(.text)
</UL>
<P><STRONG><a name="[53]"></a>UART_AdvFeatureConfig</STRONG> (Thumb, 202 bytes, Stack size 8 bytes, stm32f0xx_hal_uart.o(i.UART_AdvFeatureConfig))
<BR><BR>[Stack]<UL><LI>Max Depth = 8<LI>Call Chain = UART_AdvFeatureConfig
</UL>
<BR>[Called By]<UL><LI><a href="#[50]">&gt;&gt;</a>&nbsp;&nbsp;&nbsp;HAL_RS485Ex_Init
</UL>

<P><STRONG><a name="[54]"></a>UART_CheckIdleState</STRONG> (Thumb, 94 bytes, Stack size 24 bytes, stm32f0xx_hal_uart.o(i.UART_CheckIdleState))
<BR><BR>[Stack]<UL><LI>Max Depth = 64<LI>Call Chain = UART_CheckIdleState &rArr; UART_WaitOnFlagUntilTimeout
</UL>
<BR>[Calls]<UL><LI><a href="#[56]">&gt;&gt;</a>&nbsp;&nbsp;&nbsp;UART_WaitOnFlagUntilTimeout
<LI><a href="#[37]">&gt;&gt;</a>&nbsp;&nbsp;&nbsp;HAL_GetTick
</UL>
<BR>[Called By]<UL><LI><a href="#[50]">&gt;&gt;</a>&nbsp;&nbsp;&nbsp;HAL_RS485Ex_Init
</UL>

<P><STRONG><a name="[52]"></a>UART_SetConfig</STRONG> (Thumb, 268 bytes, Stack size 16 bytes, stm32f0xx_hal_uart.o(i.UART_SetConfig))
<BR><BR>[Stack]<UL><LI>Max Depth = 112<LI>Call Chain = UART_SetConfig &rArr; HAL_RCC_GetSysClockFreq &rArr; __aeabi_uldivmod &rArr; __aeabi_llsr
</UL>
<BR>[Calls]<UL><LI><a href="#[47]">&gt;&gt;</a>&nbsp;&nbsp;&nbsp;__aeabi_uidivmod
<LI><a href="#[4d]">&gt;&gt;</a>&nbsp;&nbsp;&nbsp;HAL_RCC_GetSysClockFreq
<LI><a href="#[63]">&gt;&gt;</a>&nbsp;&nbsp;&nbsp;HAL_RCC_GetPCLK1Freq
</UL>
<BR>[Called By]<UL><LI><a href="#[50]">&gt;&gt;</a>&nbsp;&nbsp;&nbsp;HAL_RS485Ex_Init
</UL>

<P><STRONG><a name="[56]"></a>UART_WaitOnFlagUntilTimeout</STRONG> (Thumb, 158 bytes, Stack size 40 bytes, stm32f0xx_hal_uart.o(i.UART_WaitOnFlagUntilTimeout))
<BR><BR>[Stack]<UL><LI>Max Depth = 40<LI>Call Chain = UART_WaitOnFlagUntilTimeout
</UL>
<BR>[Calls]<UL><LI><a href="#[37]">&gt;&gt;</a>&nbsp;&nbsp;&nbsp;HAL_GetTick
</UL>
<BR>[Called By]<UL><LI><a href="#[55]">&gt;&gt;</a>&nbsp;&nbsp;&nbsp;HAL_UART_Transmit
<LI><a href="#[54]">&gt;&gt;</a>&nbsp;&nbsp;&nbsp;UART_CheckIdleState
</UL>

<P><STRONG><a name="[64]"></a>__0sprintf</STRONG> (Thumb, 36 bytes, Stack size 24 bytes, printfa.o(i.__0sprintf), UNUSED)
<BR><BR>[Calls]<UL><LI><a href="#[1d]">&gt;&gt;</a>&nbsp;&nbsp;&nbsp;_sputc
<LI><a href="#[65]">&gt;&gt;</a>&nbsp;&nbsp;&nbsp;_printf_core
</UL>

<P><STRONG><a name="[84]"></a>__1sprintf</STRONG> (Thumb, 0 bytes, Stack size 24 bytes, printfa.o(i.__0sprintf), UNUSED)

<P><STRONG><a name="[6c]"></a>__2sprintf</STRONG> (Thumb, 0 bytes, Stack size 24 bytes, printfa.o(i.__0sprintf))
<BR><BR>[Stack]<UL><LI>Max Depth = 24<LI>Call Chain = __2sprintf
</UL>
<BR>[Called By]<UL><LI><a href="#[1a]">&gt;&gt;</a>&nbsp;&nbsp;&nbsp;main
</UL>

<P><STRONG><a name="[85]"></a>__c89sprintf</STRONG> (Thumb, 0 bytes, Stack size 24 bytes, printfa.o(i.__0sprintf), UNUSED)

<P><STRONG><a name="[86]"></a>sprintf</STRONG> (Thumb, 0 bytes, Stack size 24 bytes, printfa.o(i.__0sprintf), UNUSED)

<P><STRONG><a name="[35]"></a>__ARM_clz</STRONG> (Thumb, 46 bytes, Stack size 0 bytes, depilogue.o(i.__ARM_clz), UNUSED)
<BR><BR>[Called By]<UL><LI><a href="#[2d]">&gt;&gt;</a>&nbsp;&nbsp;&nbsp;_double_epilogue
</UL>

<P><STRONG><a name="[4e]"></a>__ARM_common_ll_muluu</STRONG> (Thumb, 48 bytes, Stack size 24 bytes, stm32f0xx_hal_rcc.o(i.__ARM_common_ll_muluu))
<BR><BR>[Stack]<UL><LI>Max Depth = 24<LI>Call Chain = __ARM_common_ll_muluu
</UL>
<BR>[Called By]<UL><LI><a href="#[4d]">&gt;&gt;</a>&nbsp;&nbsp;&nbsp;HAL_RCC_GetSysClockFreq
</UL>

<P><STRONG><a name="[87]"></a>__scatterload_copy</STRONG> (Thumb, 14 bytes, Stack size unknown bytes, handlers.o(i.__scatterload_copy), UNUSED)

<P><STRONG><a name="[88]"></a>__scatterload_null</STRONG> (Thumb, 2 bytes, Stack size unknown bytes, handlers.o(i.__scatterload_null), UNUSED)

<P><STRONG><a name="[89]"></a>__scatterload_zeroinit</STRONG> (Thumb, 14 bytes, Stack size unknown bytes, handlers.o(i.__scatterload_zeroinit), UNUSED)

<P><STRONG><a name="[6a]"></a>heater</STRONG> (Thumb, 26 bytes, Stack size 8 bytes, sht3x_ar.o(i.heater))
<BR><BR>[Stack]<UL><LI>Max Depth = 112<LI>Call Chain = heater &rArr; writeCommand &rArr; HAL_I2C_Master_Transmit &rArr; I2C_WaitOnTXISFlagUntilTimeout &rArr; I2C_IsAcknowledgeFailed
</UL>
<BR>[Calls]<UL><LI><a href="#[36]">&gt;&gt;</a>&nbsp;&nbsp;&nbsp;HAL_Delay
<LI><a href="#[6b]">&gt;&gt;</a>&nbsp;&nbsp;&nbsp;writeCommand
</UL>
<BR>[Called By]<UL><LI><a href="#[1a]">&gt;&gt;</a>&nbsp;&nbsp;&nbsp;main
</UL>

<P><STRONG><a name="[1a]"></a>main</STRONG> (Thumb, 202 bytes, Stack size 24 bytes, main.o(i.main))
<BR><BR>[Stack]<UL><LI>Max Depth = 232<LI>Call Chain = main &rArr; SystemClock_Config &rArr; HAL_RCC_ClockConfig &rArr; HAL_RCC_GetSysClockFreq &rArr; __aeabi_uldivmod &rArr; __aeabi_llsr
</UL>
<BR>[Calls]<UL><LI><a href="#[6d]">&gt;&gt;</a>&nbsp;&nbsp;&nbsp;reset
<LI><a href="#[70]">&gt;&gt;</a>&nbsp;&nbsp;&nbsp;readTemperature
<LI><a href="#[71]">&gt;&gt;</a>&nbsp;&nbsp;&nbsp;readHumidity
<LI><a href="#[6a]">&gt;&gt;</a>&nbsp;&nbsp;&nbsp;heater
<LI><a href="#[72]">&gt;&gt;</a>&nbsp;&nbsp;&nbsp;__aeabi_f2d
<LI><a href="#[60]">&gt;&gt;</a>&nbsp;&nbsp;&nbsp;MX_USART1_UART_Init
<LI><a href="#[5f]">&gt;&gt;</a>&nbsp;&nbsp;&nbsp;MX_IWDG_Init
<LI><a href="#[5b]">&gt;&gt;</a>&nbsp;&nbsp;&nbsp;MX_I2C1_Init
<LI><a href="#[59]">&gt;&gt;</a>&nbsp;&nbsp;&nbsp;MX_GPIO_Init
<LI><a href="#[55]">&gt;&gt;</a>&nbsp;&nbsp;&nbsp;HAL_UART_Transmit
<LI><a href="#[44]">&gt;&gt;</a>&nbsp;&nbsp;&nbsp;HAL_Init
<LI><a href="#[6e]">&gt;&gt;</a>&nbsp;&nbsp;&nbsp;HAL_IWDG_Refresh
<LI><a href="#[6f]">&gt;&gt;</a>&nbsp;&nbsp;&nbsp;HAL_GPIO_TogglePin
<LI><a href="#[36]">&gt;&gt;</a>&nbsp;&nbsp;&nbsp;HAL_Delay
<LI><a href="#[62]">&gt;&gt;</a>&nbsp;&nbsp;&nbsp;SystemClock_Config
<LI><a href="#[6c]">&gt;&gt;</a>&nbsp;&nbsp;&nbsp;__2sprintf
</UL>
<BR>[Address Reference Count : 1]<UL><LI> entry9a.o(.ARM.Collect$$$$0000000B)
</UL>
<P><STRONG><a name="[71]"></a>readHumidity</STRONG> (Thumb, 16 bytes, Stack size 8 bytes, sht3x_ar.o(i.readHumidity))
<BR><BR>[Stack]<UL><LI>Max Depth = 136<LI>Call Chain = readHumidity &rArr; readTempHum &rArr; writeCommand &rArr; HAL_I2C_Master_Transmit &rArr; I2C_WaitOnTXISFlagUntilTimeout &rArr; I2C_IsAcknowledgeFailed
</UL>
<BR>[Calls]<UL><LI><a href="#[73]">&gt;&gt;</a>&nbsp;&nbsp;&nbsp;readTempHum
</UL>
<BR>[Called By]<UL><LI><a href="#[1a]">&gt;&gt;</a>&nbsp;&nbsp;&nbsp;main
</UL>

<P><STRONG><a name="[73]"></a>readTempHum</STRONG> (Thumb, 138 bytes, Stack size 24 bytes, sht3x_ar.o(i.readTempHum))
<BR><BR>[Stack]<UL><LI>Max Depth = 128<LI>Call Chain = readTempHum &rArr; writeCommand &rArr; HAL_I2C_Master_Transmit &rArr; I2C_WaitOnTXISFlagUntilTimeout &rArr; I2C_IsAcknowledgeFailed
</UL>
<BR>[Calls]<UL><LI><a href="#[36]">&gt;&gt;</a>&nbsp;&nbsp;&nbsp;HAL_Delay
<LI><a href="#[2a]">&gt;&gt;</a>&nbsp;&nbsp;&nbsp;__aeabi_ui2f
<LI><a href="#[28]">&gt;&gt;</a>&nbsp;&nbsp;&nbsp;__aeabi_i2f
<LI><a href="#[26]">&gt;&gt;</a>&nbsp;&nbsp;&nbsp;__aeabi_fdiv
<LI><a href="#[6b]">&gt;&gt;</a>&nbsp;&nbsp;&nbsp;writeCommand
<LI><a href="#[74]">&gt;&gt;</a>&nbsp;&nbsp;&nbsp;crc8
<LI><a href="#[3a]">&gt;&gt;</a>&nbsp;&nbsp;&nbsp;HAL_I2C_Master_Receive
</UL>
<BR>[Called By]<UL><LI><a href="#[70]">&gt;&gt;</a>&nbsp;&nbsp;&nbsp;readTemperature
<LI><a href="#[71]">&gt;&gt;</a>&nbsp;&nbsp;&nbsp;readHumidity
</UL>

<P><STRONG><a name="[70]"></a>readTemperature</STRONG> (Thumb, 16 bytes, Stack size 8 bytes, sht3x_ar.o(i.readTemperature))
<BR><BR>[Stack]<UL><LI>Max Depth = 136<LI>Call Chain = readTemperature &rArr; readTempHum &rArr; writeCommand &rArr; HAL_I2C_Master_Transmit &rArr; I2C_WaitOnTXISFlagUntilTimeout &rArr; I2C_IsAcknowledgeFailed
</UL>
<BR>[Calls]<UL><LI><a href="#[73]">&gt;&gt;</a>&nbsp;&nbsp;&nbsp;readTempHum
</UL>
<BR>[Called By]<UL><LI><a href="#[1a]">&gt;&gt;</a>&nbsp;&nbsp;&nbsp;main
</UL>

<P><STRONG><a name="[6d]"></a>reset</STRONG> (Thumb, 16 bytes, Stack size 8 bytes, sht3x_ar.o(i.reset))
<BR><BR>[Stack]<UL><LI>Max Depth = 112<LI>Call Chain = reset &rArr; writeCommand &rArr; HAL_I2C_Master_Transmit &rArr; I2C_WaitOnTXISFlagUntilTimeout &rArr; I2C_IsAcknowledgeFailed
</UL>
<BR>[Calls]<UL><LI><a href="#[36]">&gt;&gt;</a>&nbsp;&nbsp;&nbsp;HAL_Delay
<LI><a href="#[6b]">&gt;&gt;</a>&nbsp;&nbsp;&nbsp;writeCommand
</UL>
<BR>[Called By]<UL><LI><a href="#[1a]">&gt;&gt;</a>&nbsp;&nbsp;&nbsp;main
</UL>

<P><STRONG><a name="[6b]"></a>writeCommand</STRONG> (Thumb, 30 bytes, Stack size 16 bytes, sht3x_ar.o(i.writeCommand))
<BR><BR>[Stack]<UL><LI>Max Depth = 104<LI>Call Chain = writeCommand &rArr; HAL_I2C_Master_Transmit &rArr; I2C_WaitOnTXISFlagUntilTimeout &rArr; I2C_IsAcknowledgeFailed
</UL>
<BR>[Calls]<UL><LI><a href="#[3f]">&gt;&gt;</a>&nbsp;&nbsp;&nbsp;HAL_I2C_Master_Transmit
</UL>
<BR>[Called By]<UL><LI><a href="#[6d]">&gt;&gt;</a>&nbsp;&nbsp;&nbsp;reset
<LI><a href="#[6a]">&gt;&gt;</a>&nbsp;&nbsp;&nbsp;heater
<LI><a href="#[73]">&gt;&gt;</a>&nbsp;&nbsp;&nbsp;readTempHum
</UL>
<P>
<H3>
Local Symbols
</H3>
<P><STRONG><a name="[58]"></a>I2C_Flush_TXDR</STRONG> (Thumb, 34 bytes, Stack size 0 bytes, stm32f0xx_hal_i2c.o(i.I2C_Flush_TXDR))
<BR><BR>[Called By]<UL><LI><a href="#[57]">&gt;&gt;</a>&nbsp;&nbsp;&nbsp;I2C_IsAcknowledgeFailed
</UL>

<P><STRONG><a name="[57]"></a>I2C_IsAcknowledgeFailed</STRONG> (Thumb, 108 bytes, Stack size 32 bytes, stm32f0xx_hal_i2c.o(i.I2C_IsAcknowledgeFailed))
<BR><BR>[Stack]<UL><LI>Max Depth = 32<LI>Call Chain = I2C_IsAcknowledgeFailed
</UL>
<BR>[Calls]<UL><LI><a href="#[58]">&gt;&gt;</a>&nbsp;&nbsp;&nbsp;I2C_Flush_TXDR
<LI><a href="#[37]">&gt;&gt;</a>&nbsp;&nbsp;&nbsp;HAL_GetTick
</UL>
<BR>[Called By]<UL><LI><a href="#[40]">&gt;&gt;</a>&nbsp;&nbsp;&nbsp;I2C_WaitOnTXISFlagUntilTimeout
<LI><a href="#[3e]">&gt;&gt;</a>&nbsp;&nbsp;&nbsp;I2C_WaitOnSTOPFlagUntilTimeout
<LI><a href="#[3d]">&gt;&gt;</a>&nbsp;&nbsp;&nbsp;I2C_WaitOnRXNEFlagUntilTimeout
</UL>

<P><STRONG><a name="[3c]"></a>I2C_TransferConfig</STRONG> (Thumb, 34 bytes, Stack size 20 bytes, stm32f0xx_hal_i2c.o(i.I2C_TransferConfig))
<BR><BR>[Stack]<UL><LI>Max Depth = 20<LI>Call Chain = I2C_TransferConfig
</UL>
<BR>[Called By]<UL><LI><a href="#[3f]">&gt;&gt;</a>&nbsp;&nbsp;&nbsp;HAL_I2C_Master_Transmit
<LI><a href="#[3a]">&gt;&gt;</a>&nbsp;&nbsp;&nbsp;HAL_I2C_Master_Receive
</UL>

<P><STRONG><a name="[3b]"></a>I2C_WaitOnFlagUntilTimeout</STRONG> (Thumb, 78 bytes, Stack size 24 bytes, stm32f0xx_hal_i2c.o(i.I2C_WaitOnFlagUntilTimeout))
<BR><BR>[Stack]<UL><LI>Max Depth = 24<LI>Call Chain = I2C_WaitOnFlagUntilTimeout
</UL>
<BR>[Calls]<UL><LI><a href="#[37]">&gt;&gt;</a>&nbsp;&nbsp;&nbsp;HAL_GetTick
</UL>
<BR>[Called By]<UL><LI><a href="#[3f]">&gt;&gt;</a>&nbsp;&nbsp;&nbsp;HAL_I2C_Master_Transmit
<LI><a href="#[3a]">&gt;&gt;</a>&nbsp;&nbsp;&nbsp;HAL_I2C_Master_Receive
</UL>

<P><STRONG><a name="[3d]"></a>I2C_WaitOnRXNEFlagUntilTimeout</STRONG> (Thumb, 122 bytes, Stack size 32 bytes, stm32f0xx_hal_i2c.o(i.I2C_WaitOnRXNEFlagUntilTimeout))
<BR><BR>[Stack]<UL><LI>Max Depth = 64<LI>Call Chain = I2C_WaitOnRXNEFlagUntilTimeout &rArr; I2C_IsAcknowledgeFailed
</UL>
<BR>[Calls]<UL><LI><a href="#[57]">&gt;&gt;</a>&nbsp;&nbsp;&nbsp;I2C_IsAcknowledgeFailed
<LI><a href="#[37]">&gt;&gt;</a>&nbsp;&nbsp;&nbsp;HAL_GetTick
</UL>
<BR>[Called By]<UL><LI><a href="#[3a]">&gt;&gt;</a>&nbsp;&nbsp;&nbsp;HAL_I2C_Master_Receive
</UL>

<P><STRONG><a name="[3e]"></a>I2C_WaitOnSTOPFlagUntilTimeout</STRONG> (Thumb, 76 bytes, Stack size 16 bytes, stm32f0xx_hal_i2c.o(i.I2C_WaitOnSTOPFlagUntilTimeout))
<BR><BR>[Stack]<UL><LI>Max Depth = 48<LI>Call Chain = I2C_WaitOnSTOPFlagUntilTimeout &rArr; I2C_IsAcknowledgeFailed
</UL>
<BR>[Calls]<UL><LI><a href="#[57]">&gt;&gt;</a>&nbsp;&nbsp;&nbsp;I2C_IsAcknowledgeFailed
<LI><a href="#[37]">&gt;&gt;</a>&nbsp;&nbsp;&nbsp;HAL_GetTick
</UL>
<BR>[Called By]<UL><LI><a href="#[3f]">&gt;&gt;</a>&nbsp;&nbsp;&nbsp;HAL_I2C_Master_Transmit
<LI><a href="#[3a]">&gt;&gt;</a>&nbsp;&nbsp;&nbsp;HAL_I2C_Master_Receive
</UL>

<P><STRONG><a name="[40]"></a>I2C_WaitOnTXISFlagUntilTimeout</STRONG> (Thumb, 80 bytes, Stack size 16 bytes, stm32f0xx_hal_i2c.o(i.I2C_WaitOnTXISFlagUntilTimeout))
<BR><BR>[Stack]<UL><LI>Max Depth = 48<LI>Call Chain = I2C_WaitOnTXISFlagUntilTimeout &rArr; I2C_IsAcknowledgeFailed
</UL>
<BR>[Calls]<UL><LI><a href="#[57]">&gt;&gt;</a>&nbsp;&nbsp;&nbsp;I2C_IsAcknowledgeFailed
<LI><a href="#[37]">&gt;&gt;</a>&nbsp;&nbsp;&nbsp;HAL_GetTick
</UL>
<BR>[Called By]<UL><LI><a href="#[3f]">&gt;&gt;</a>&nbsp;&nbsp;&nbsp;HAL_I2C_Master_Transmit
</UL>

<P><STRONG><a name="[4a]"></a>__NVIC_SetPriority</STRONG> (Thumb, 60 bytes, Stack size 0 bytes, stm32f0xx_hal_cortex.o(i.__NVIC_SetPriority))
<BR><BR>[Called By]<UL><LI><a href="#[48]">&gt;&gt;</a>&nbsp;&nbsp;&nbsp;HAL_SYSTICK_Config
<LI><a href="#[49]">&gt;&gt;</a>&nbsp;&nbsp;&nbsp;HAL_NVIC_SetPriority
</UL>

<P><STRONG><a name="[74]"></a>crc8</STRONG> (Thumb, 44 bytes, Stack size 12 bytes, sht3x_ar.o(i.crc8))
<BR><BR>[Stack]<UL><LI>Max Depth = 12<LI>Call Chain = crc8
</UL>
<BR>[Called By]<UL><LI><a href="#[73]">&gt;&gt;</a>&nbsp;&nbsp;&nbsp;readTempHum
</UL>

<P><STRONG><a name="[66]"></a>_fp_digits</STRONG> (Thumb, 344 bytes, Stack size 64 bytes, printfa.o(i._fp_digits), UNUSED)
<BR><BR>[Calls]<UL><LI><a href="#[20]">&gt;&gt;</a>&nbsp;&nbsp;&nbsp;__aeabi_uldivmod
<LI><a href="#[31]">&gt;&gt;</a>&nbsp;&nbsp;&nbsp;__aeabi_dmul
<LI><a href="#[32]">&gt;&gt;</a>&nbsp;&nbsp;&nbsp;__aeabi_ddiv
<LI><a href="#[2b]">&gt;&gt;</a>&nbsp;&nbsp;&nbsp;__aeabi_dadd
<LI><a href="#[33]">&gt;&gt;</a>&nbsp;&nbsp;&nbsp;__aeabi_d2ulz
<LI><a href="#[67]">&gt;&gt;</a>&nbsp;&nbsp;&nbsp;__aeabi_cdrcmple
</UL>
<BR>[Called By]<UL><LI><a href="#[65]">&gt;&gt;</a>&nbsp;&nbsp;&nbsp;_printf_core
</UL>

<P><STRONG><a name="[65]"></a>_printf_core</STRONG> (Thumb, 1754 bytes, Stack size 128 bytes, printfa.o(i._printf_core), UNUSED)
<BR><BR>[Calls]<UL><LI><a href="#[20]">&gt;&gt;</a>&nbsp;&nbsp;&nbsp;__aeabi_uldivmod
<LI><a href="#[47]">&gt;&gt;</a>&nbsp;&nbsp;&nbsp;__aeabi_uidivmod
<LI><a href="#[68]">&gt;&gt;</a>&nbsp;&nbsp;&nbsp;_printf_pre_padding
<LI><a href="#[69]">&gt;&gt;</a>&nbsp;&nbsp;&nbsp;_printf_post_padding
<LI><a href="#[66]">&gt;&gt;</a>&nbsp;&nbsp;&nbsp;_fp_digits
</UL>
<BR>[Called By]<UL><LI><a href="#[64]">&gt;&gt;</a>&nbsp;&nbsp;&nbsp;__0sprintf
</UL>

<P><STRONG><a name="[69]"></a>_printf_post_padding</STRONG> (Thumb, 32 bytes, Stack size 24 bytes, printfa.o(i._printf_post_padding), UNUSED)
<BR><BR>[Called By]<UL><LI><a href="#[65]">&gt;&gt;</a>&nbsp;&nbsp;&nbsp;_printf_core
</UL>

<P><STRONG><a name="[68]"></a>_printf_pre_padding</STRONG> (Thumb, 44 bytes, Stack size 40 bytes, printfa.o(i._printf_pre_padding), UNUSED)
<BR><BR>[Called By]<UL><LI><a href="#[65]">&gt;&gt;</a>&nbsp;&nbsp;&nbsp;_printf_core
</UL>

<P><STRONG><a name="[1d]"></a>_sputc</STRONG> (Thumb, 10 bytes, Stack size 0 bytes, printfa.o(i._sputc))
<BR><BR>[Called By]<UL><LI><a href="#[64]">&gt;&gt;</a>&nbsp;&nbsp;&nbsp;__0sprintf
</UL>
<BR>[Address Reference Count : 1]<UL><LI> printfa.o(i.__0sprintf)
</UL><P>
<H3>
Undefined Global Symbols
</H3><HR></body></html>
